Copyright 1986-2018 Xilinx, Inc. All Rights Reserved.
------------------------------------------------------------------------------------
| Tool Version : Vivado v.2018.3 (win64) Build 2405991 Thu Dec  6 23:38:27 MST 2018
| Date         : Fri May 10 19:13:19 2019
| Host         : LAPTOP-1QU5OR1V running 64-bit major release  (build 9200)
| Command      : report_control_sets -verbose -file DDU_control_sets_placed.rpt
| Design       : DDU
| Device       : xc7a100t
------------------------------------------------------------------------------------

Control Set Information

Table of Contents
-----------------
1. Summary
2. Histogram
3. Flip-Flop Distribution
4. Detailed Control Set Information

1. Summary
----------

+----------------------------------------------------------+-------+
|                          Status                          | Count |
+----------------------------------------------------------+-------+
| Number of unique control sets                            |   302 |
| Unused register locations in slices containing registers |    55 |
+----------------------------------------------------------+-------+


2. Histogram
------------

+--------+--------------+
| Fanout | Control Sets |
+--------+--------------+
|      1 |            1 |
|      3 |            1 |
|      4 |            2 |
|      5 |            2 |
|      7 |            1 |
|     11 |            1 |
|     15 |            1 |
|    16+ |          293 |
+--------+--------------+


3. Flip-Flop Distribution
-------------------------

+--------------+-----------------------+------------------------+-----------------+--------------+
| Clock Enable | Synchronous Set/Reset | Asynchronous Set/Reset | Total Registers | Total Slices |
+--------------+-----------------------+------------------------+-----------------+--------------+
| No           | No                    | No                     |             351 |          118 |
| No           | No                    | Yes                    |              40 |           16 |
| No           | Yes                   | No                     |            8257 |         4726 |
| Yes          | No                    | No                     |              12 |            4 |
| Yes          | No                    | Yes                    |               1 |            1 |
| Yes          | Yes                   | No                     |            1068 |          471 |
+--------------+-----------------------+------------------------+-----------------+--------------+


4. Detailed Control Set Information
-----------------------------------

+---------------------------------------------------+-------------------------------------------+--------------------------------+------------------+----------------+
|                    Clock Signal                   |               Enable Signal               |        Set/Reset Signal        | Slice Load Count | Bel Load Count |
+---------------------------------------------------+-------------------------------------------+--------------------------------+------------------+----------------+
|  clk_1_BUFG                                       | lock_i_1_n_10                             | rst_IBUF                       |                1 |              1 |
|  processor/iMem/o_ALUOp_reg[1][0]                 |                                           |                                |                1 |              3 |
|  processor/controlunit/next_state_reg[3]_i_2_n_10 |                                           |                                |                1 |              4 |
|  cnt2[3]_i_3_n_10                                 |                                           | cnt2[3]_i_1_n_10               |                1 |              4 |
|  clk_1_BUFG                                       |                                           | rst_IBUF                       |                2 |              5 |
|  clk_1_BUFG                                       | processor/controlunit/o_ALUOp_n_10        |                                |                2 |              5 |
|  clk_1_BUFG                                       | processor/controlunit/o_MemWrite_i_1_n_10 |                                |                2 |              7 |
|  clk_1_BUFG                                       | reg_addr                                  | rst_IBUF                       |                5 |             11 |
|  seg_display/clk_5hz                              |                                           |                                |                6 |             15 |
|  clk_IBUF_BUFG                                    |                                           | seg_display/cnt[0]_i_1__0_n_10 |                7 |             26 |
|  clk_IBUF_BUFG                                    |                                           | clear                          |                8 |             31 |
|  processor/ALU_DR/o_MemWrite_reg_rep_2[0]         |                                           | rst_IBUF                       |               20 |             32 |
|  processor/ALU_DR/o_MemWrite_reg_rep_24[0]        |                                           | rst_IBUF                       |               20 |             32 |
|  processor/ALU_DR/o_MemWrite_reg_rep_17[0]        |                                           | rst_IBUF                       |               21 |             32 |
|  processor/ALU_DR/o_MemWrite_reg_rep_38[0]        |                                           | rst_IBUF                       |               20 |             32 |
|  processor/ALU_DR/o_MemWrite_reg_59[0]            |                                           | rst_IBUF                       |               15 |             32 |
|  processor/ALU_DR/o_MemWrite_reg_7[0]             |                                           | rst_IBUF                       |               22 |             32 |
|  processor/ALU_DR/o_MemWrite_reg_rep_11[0]        |                                           | rst_IBUF                       |               21 |             32 |
|  processor/ALU_DR/o_MemWrite_reg_rep_12[0]        |                                           | rst_IBUF                       |               17 |             32 |
|  processor/ALU_DR/o_MemWrite_reg_6[0]             |                                           | rst_IBUF                       |               19 |             32 |
|  processor/ALU_DR/o_MemWrite_reg_54[0]            |                                           | rst_IBUF                       |               16 |             32 |
|  processor/ALU_DR/o_MemWrite_reg_rep_10[0]        |                                           | rst_IBUF                       |               16 |             32 |
|  processor/ALU_DR/o_MemWrite_reg_rep_25[0]        |                                           | rst_IBUF                       |               20 |             32 |
|  processor/ALU_DR/o_MemWrite_reg_rep[0]           |                                           | rst_IBUF                       |               17 |             32 |
|  processor/ALU_DR/o_MemWrite_reg_8[0]             |                                           | rst_IBUF                       |               18 |             32 |
|  processor/ALU_DR/o_MemWrite_reg_rep_3[0]         |                                           | rst_IBUF                       |               16 |             32 |
|  processor/ALU_DR/o_MemWrite_reg_rep_0[0]         |                                           | rst_IBUF                       |               15 |             32 |
|  processor/ALU_DR/o_MemWrite_reg_rep_29[0]        |                                           | rst_IBUF                       |               20 |             32 |
|  processor/ALU_DR/o_MemWrite_reg_rep_33[0]        |                                           | rst_IBUF                       |               18 |             32 |
|  processor/ALU_DR/o_MemWrite_reg_rep_34[0]        |                                           | rst_IBUF                       |               22 |             32 |
|  processor/ALU_DR/o_MemWrite_reg_rep_30[0]        |                                           | rst_IBUF                       |               19 |             32 |
|  processor/ALU_DR/o_MemWrite_reg_rep_35[0]        |                                           | rst_IBUF                       |               19 |             32 |
|  processor/ALU_DR/o_MemWrite_reg_rep_19[0]        |                                           | rst_IBUF                       |               19 |             32 |
|  processor/ALU_DR/o_MemWrite_reg_rep_37[0]        |                                           | rst_IBUF                       |               19 |             32 |
|  processor/ALU_DR/o_MemWrite_reg_rep_4[0]         |                                           | rst_IBUF                       |               18 |             32 |
|  processor/ALU_DR/o_MemWrite_reg_rep_40[0]        |                                           | rst_IBUF                       |               17 |             32 |
|  processor/ALU_DR/o_MemWrite_reg_rep_31[0]        |                                           | rst_IBUF                       |               19 |             32 |
|  processor/ALU_DR/o_MemWrite_reg_60[0]            |                                           | rst_IBUF                       |               14 |             32 |
|  processor/ALU_DR/o_MemWrite_reg_57[0]            |                                           | rst_IBUF                       |               15 |             32 |
|  processor/ALU_DR/o_MemWrite_reg_rep_39[0]        |                                           | rst_IBUF                       |               20 |             32 |
|  processor/ALU_DR/o_MemWrite_reg_rep_41[0]        |                                           | rst_IBUF                       |               16 |             32 |
|  processor/ALU_DR/o_MemWrite_reg_rep_42[0]        |                                           | rst_IBUF                       |               20 |             32 |
|  processor/ALU_DR/o_MemWrite_reg_rep_43[0]        |                                           | rst_IBUF                       |               20 |             32 |
|  processor/ALU_DR/o_MemWrite_reg_rep_44[0]        |                                           | rst_IBUF                       |               16 |             32 |
|  processor/ALU_DR/o_MemWrite_reg_rep_46[0]        |                                           | rst_IBUF                       |               17 |             32 |
|  processor/ALU_DR/o_MemWrite_reg_55[0]            |                                           | rst_IBUF                       |               15 |             32 |
|  processor/ALU_DR/o_MemWrite_reg_rep_13[0]        |                                           | rst_IBUF                       |               18 |             32 |
|  processor/ALU_DR/o_MemWrite_reg_rep_48[0]        |                                           | rst_IBUF                       |               21 |             32 |
|  processor/ALU_DR/o_MemWrite_reg_rep_49[0]        |                                           | rst_IBUF                       |               17 |             32 |
|  processor/ALU_DR/o_MemWrite_reg_61[0]            |                                           | rst_IBUF                       |               14 |             32 |
|  processor/ALU_DR/o_MemWrite_reg_rep_16[0]        |                                           | rst_IBUF                       |               19 |             32 |
|  processor/ALU_DR/o_MemWrite_reg_rep_32[0]        |                                           | rst_IBUF                       |               18 |             32 |
|  processor/ALU_DR/o_MemWrite_reg_62[0]            |                                           | rst_IBUF                       |               19 |             32 |
|  processor/ALU_DR/o_MemWrite_reg_rep_20[0]        |                                           | rst_IBUF                       |               19 |             32 |
|  processor/ALU_DR/o_MemWrite_reg_rep_21[0]        |                                           | rst_IBUF                       |               19 |             32 |
|  processor/ALU_DR/o_MemWrite_reg_rep_27[0]        |                                           | rst_IBUF                       |               19 |             32 |
|  processor/ALU_DR/o_MemWrite_reg_rep_1[0]         |                                           | rst_IBUF                       |               17 |             32 |
|  processor/ALU_DR/o_MemWrite_reg_9[0]             |                                           | rst_IBUF                       |               17 |             32 |
|  processor/ALU_DR/o_MemWrite_reg_rep_36[0]        |                                           | rst_IBUF                       |               18 |             32 |
|  processor/ALU_DR/o_MemWrite_reg_rep_50[0]        |                                           | rst_IBUF                       |               18 |             32 |
|  processor/ALU_DR/o_MemWrite_reg_rep_51[0]        |                                           | rst_IBUF                       |               19 |             32 |
|  processor/ALU_DR/o_MemWrite_reg_rep_52[0]        |                                           | rst_IBUF                       |               17 |             32 |
|  processor/ALU_DR/o_MemWrite_reg_56[0]            |                                           | rst_IBUF                       |               15 |             32 |
|  processor/ALU_DR/o_MemWrite_reg_58[0]            |                                           | rst_IBUF                       |               16 |             32 |
|  processor/ALU_DR/o_MemWrite_reg_rep_14[0]        |                                           | rst_IBUF                       |               17 |             32 |
|  processor/ALU_DR/o_MemWrite_reg_rep_26[0]        |                                           | rst_IBUF                       |               20 |             32 |
|  processor/ALU_DR/o_MemWrite_reg_rep_15[0]        |                                           | rst_IBUF                       |               20 |             32 |
|  processor/ALU_DR/o_MemWrite_reg_rep_28[0]        |                                           | rst_IBUF                       |               17 |             32 |
|  processor/ALU_DR/o_MemWrite_reg_rep_45[0]        |                                           | rst_IBUF                       |               17 |             32 |
|  processor/ALU_DR/o_MemWrite_reg_rep_47[0]        |                                           | rst_IBUF                       |               17 |             32 |
|  processor/ALU_DR/o_MemWrite_reg_rep_5[0]         |                                           | rst_IBUF                       |               16 |             32 |
|  processor/ALU_DR/o_MemWrite_reg_rep_53[0]        |                                           | rst_IBUF                       |               16 |             32 |
|  processor/ALU_DR/o_MemWrite_reg_rep__0_43[0]     |                                           | rst_IBUF                       |               16 |             32 |
|  processor/ALU_DR/o_MemWrite_reg_rep__0_45[0]     |                                           | rst_IBUF                       |               17 |             32 |
|  processor/ALU_DR/o_MemWrite_reg_rep__0_46[0]     |                                           | rst_IBUF                       |               18 |             32 |
|  processor/ALU_DR/o_MemWrite_reg_rep__0_47[0]     |                                           | rst_IBUF                       |               18 |             32 |
|  processor/ALU_DR/o_MemWrite_reg_rep__0_48[0]     |                                           | rst_IBUF                       |               18 |             32 |
|  processor/ALU_DR/o_MemWrite_reg_rep__0_51[0]     |                                           | rst_IBUF                       |               19 |             32 |
|  processor/ALU_DR/o_MemWrite_reg_rep__0_36[0]     |                                           | rst_IBUF                       |               19 |             32 |
|  processor/ALU_DR/o_MemWrite_reg_rep__0_16[0]     |                                           | rst_IBUF                       |               19 |             32 |
|  processor/ALU_DR/o_MemWrite_reg_rep_62[0]        |                                           | rst_IBUF                       |               16 |             32 |
|  processor/ALU_DR/o_MemWrite_reg_rep__0_20[0]     |                                           | rst_IBUF                       |               22 |             32 |
|  processor/ALU_DR/o_MemWrite_reg_rep__0_13[0]     |                                           | rst_IBUF                       |               20 |             32 |
|  processor/ALU_DR/o_MemWrite_reg_rep__0[0]        |                                           | rst_IBUF                       |               18 |             32 |
|  processor/ALU_DR/o_MemWrite_reg_rep__0_21[0]     |                                           | rst_IBUF                       |               21 |             32 |
|  processor/ALU_DR/o_MemWrite_reg_rep__0_30[0]     |                                           | rst_IBUF                       |               19 |             32 |
|  processor/ALU_DR/o_MemWrite_reg_rep__0_31[0]     |                                           | rst_IBUF                       |               17 |             32 |
|  processor/ALU_DR/o_MemWrite_reg_rep__0_38[0]     |                                           | rst_IBUF                       |               19 |             32 |
|  processor/ALU_DR/o_MemWrite_reg_rep_56[0]        |                                           | rst_IBUF                       |               19 |             32 |
|  processor/ALU_DR/o_MemWrite_reg_rep__0_23[0]     |                                           | rst_IBUF                       |               18 |             32 |
|  processor/ALU_DR/o_MemWrite_reg_rep__0_39[0]     |                                           | rst_IBUF                       |               18 |             32 |
|  processor/ALU_DR/o_MemWrite_reg_rep__0_41[0]     |                                           | rst_IBUF                       |               17 |             32 |
|  processor/ALU_DR/o_MemWrite_reg_rep_6[0]         |                                           | rst_IBUF                       |               17 |             32 |
|  processor/ALU_DR/o_MemWrite_reg_rep__0_12[0]     |                                           | rst_IBUF                       |               20 |             32 |
|  processor/ALU_DR/o_MemWrite_reg_rep__0_14[0]     |                                           | rst_IBUF                       |               18 |             32 |
|  processor/ALU_DR/o_MemWrite_reg_rep__0_27[0]     |                                           | rst_IBUF                       |               20 |             32 |
|  processor/ALU_DR/o_MemWrite_reg_rep__0_44[0]     |                                           | rst_IBUF                       |               14 |             32 |
|  processor/ALU_DR/o_MemWrite_reg_rep__0_49[0]     |                                           | rst_IBUF                       |               17 |             32 |
|  processor/ALU_DR/o_MemWrite_reg_rep__0_5[0]      |                                           | rst_IBUF                       |               17 |             32 |
|  processor/ALU_DR/o_MemWrite_reg_rep__0_50[0]     |                                           | rst_IBUF                       |               18 |             32 |
|  processor/ALU_DR/o_MemWrite_reg_rep__0_52[0]     |                                           | rst_IBUF                       |               17 |             32 |
|  processor/ALU_DR/o_MemWrite_reg_rep__0_53[0]     |                                           | rst_IBUF                       |               19 |             32 |
|  processor/ALU_DR/o_MemWrite_reg_rep_7[0]         |                                           | rst_IBUF                       |               19 |             32 |
|  processor/ALU_DR/o_MemWrite_reg_rep__0_0[0]      |                                           | rst_IBUF                       |               16 |             32 |
|  processor/ALU_DR/o_MemWrite_reg_rep_8[0]         |                                           | rst_IBUF                       |               16 |             32 |
|  processor/ALU_DR/o_MemWrite_reg_rep__0_34[0]     |                                           | rst_IBUF                       |               18 |             32 |
|  processor/ALU_DR/o_MemWrite_reg_rep__0_11[0]     |                                           | rst_IBUF                       |               20 |             32 |
|  processor/ALU_DR/o_MemWrite_reg_rep_61[0]        |                                           | rst_IBUF                       |               18 |             32 |
|  processor/ALU_DR/o_MemWrite_reg_rep__0_29[0]     |                                           | rst_IBUF                       |               20 |             32 |
|  processor/ALU_DR/o_MemWrite_reg_rep_55[0]        |                                           | rst_IBUF                       |               17 |             32 |
|  processor/ALU_DR/o_MemWrite_reg_rep__0_1[0]      |                                           | rst_IBUF                       |               20 |             32 |
|  processor/ALU_DR/o_MemWrite_reg_rep_54[0]        |                                           | rst_IBUF                       |               19 |             32 |
|  processor/ALU_DR/o_MemWrite_reg_rep__0_22[0]     |                                           | rst_IBUF                       |               22 |             32 |
|  processor/ALU_DR/o_MemWrite_reg_rep__0_17[0]     |                                           | rst_IBUF                       |               20 |             32 |
|  processor/ALU_DR/o_MemWrite_reg_rep__0_18[0]     |                                           | rst_IBUF                       |               20 |             32 |
|  processor/ALU_DR/o_MemWrite_reg_rep__0_3[0]      |                                           | rst_IBUF                       |               17 |             32 |
|  processor/ALU_DR/o_MemWrite_reg_rep_9[0]         |                                           | rst_IBUF                       |               19 |             32 |
|  processor/ALU_DR/o_MemWrite_reg_rep_57[0]        |                                           | rst_IBUF                       |               19 |             32 |
|  processor/ALU_DR/o_MemWrite_reg_rep__0_10[0]     |                                           | rst_IBUF                       |               21 |             32 |
|  processor/ALU_DR/o_MemWrite_reg_rep__0_15[0]     |                                           | rst_IBUF                       |               18 |             32 |
|  processor/ALU_DR/o_MemWrite_reg_rep_59[0]        |                                           | rst_IBUF                       |               16 |             32 |
|  processor/ALU_DR/o_MemWrite_reg_rep__0_19[0]     |                                           | rst_IBUF                       |               20 |             32 |
|  processor/ALU_DR/o_MemWrite_reg_rep__0_2[0]      |                                           | rst_IBUF                       |               18 |             32 |
|  processor/ALU_DR/o_MemWrite_reg_rep__0_24[0]     |                                           | rst_IBUF                       |               21 |             32 |
|  processor/ALU_DR/o_MemWrite_reg_rep_58[0]        |                                           | rst_IBUF                       |               16 |             32 |
|  processor/ALU_DR/o_MemWrite_reg_rep__0_25[0]     |                                           | rst_IBUF                       |               20 |             32 |
|  processor/ALU_DR/o_MemWrite_reg_rep__0_26[0]     |                                           | rst_IBUF                       |               18 |             32 |
|  processor/ALU_DR/o_MemWrite_reg_rep__0_33[0]     |                                           | rst_IBUF                       |               17 |             32 |
|  processor/ALU_DR/o_MemWrite_reg_rep__0_35[0]     |                                           | rst_IBUF                       |               16 |             32 |
|  processor/ALU_DR/o_MemWrite_reg_rep__0_37[0]     |                                           | rst_IBUF                       |               18 |             32 |
|  processor/ALU_DR/o_MemWrite_reg_rep__0_32[0]     |                                           | rst_IBUF                       |               17 |             32 |
|  processor/ALU_DR/o_MemWrite_reg_rep__0_4[0]      |                                           | rst_IBUF                       |               16 |             32 |
|  processor/ALU_DR/o_MemWrite_reg_rep__0_40[0]     |                                           | rst_IBUF                       |               17 |             32 |
|  processor/ALU_DR/o_MemWrite_reg_rep_60[0]        |                                           | rst_IBUF                       |               18 |             32 |
|  processor/ALU_DR/o_MemWrite_reg_rep__0_28[0]     |                                           | rst_IBUF                       |               19 |             32 |
|  processor/ALU_DR/o_MemWrite_reg_rep__0_42[0]     |                                           | rst_IBUF                       |               17 |             32 |
|  processor/ALU_DR/o_MemWrite_reg_rep__1_40[0]     |                                           | rst_IBUF                       |               18 |             32 |
|  processor/ALU_DR/o_MemWrite_reg_rep__1_41[0]     |                                           | rst_IBUF                       |               19 |             32 |
|  processor/ALU_DR/o_MemWrite_reg_rep__1_42[0]     |                                           | rst_IBUF                       |               17 |             32 |
|  processor/ALU_DR/o_MemWrite_reg_rep__1_43[0]     |                                           | rst_IBUF                       |               19 |             32 |
|  processor/ALU_DR/o_MemWrite_reg_rep__1_47[0]     |                                           | rst_IBUF                       |               17 |             32 |
|  processor/ALU_DR/o_MemWrite_reg_rep__1_5[0]      |                                           | rst_IBUF                       |               21 |             32 |
|  processor/ALU_DR/o_MemWrite_reg_rep__1_50[0]     |                                           | rst_IBUF                       |               15 |             32 |
|  processor/ALU_DR/o_MemWrite_reg_rep__1_32[0]     |                                           | rst_IBUF                       |               18 |             32 |
|  processor/ALU_DR/o_MemWrite_reg_rep__1_4[0]      |                                           | rst_IBUF                       |               18 |             32 |
|  processor/ALU_DR/o_MemWrite_reg_rep__1_21[0]     |                                           | rst_IBUF                       |               21 |             32 |
|  processor/ALU_DR/o_MemWrite_reg_rep__0_58[0]     |                                           | rst_IBUF                       |               21 |             32 |
|  processor/ALU_DR/o_MemWrite_reg_rep__0_6[0]      |                                           | rst_IBUF                       |               16 |             32 |
|  processor/ALU_DR/o_MemWrite_reg_rep__1_24[0]     |                                           | rst_IBUF                       |               20 |             32 |
|  processor/ALU_DR/o_MemWrite_reg_rep__1_44[0]     |                                           | rst_IBUF                       |               18 |             32 |
|  processor/ALU_DR/o_MemWrite_reg_rep__1_45[0]     |                                           | rst_IBUF                       |               17 |             32 |
|  processor/ALU_DR/o_MemWrite_reg_rep__1_51[0]     |                                           | rst_IBUF                       |               17 |             32 |
|  processor/ALU_DR/o_MemWrite_reg_rep__1[0]        |                                           | rst_IBUF                       |               20 |             32 |
|  processor/ALU_DR/o_MemWrite_reg_rep__1_29[0]     |                                           | rst_IBUF                       |               19 |             32 |
|  processor/ALU_DR/o_MemWrite_reg_rep__1_1[0]      |                                           | rst_IBUF                       |               21 |             32 |
|  processor/ALU_DR/o_MemWrite_reg_rep__1_13[0]     |                                           | rst_IBUF                       |               17 |             32 |
|  processor/ALU_DR/o_MemWrite_reg_rep__1_35[0]     |                                           | rst_IBUF                       |               18 |             32 |
|  processor/ALU_DR/o_MemWrite_reg_rep__1_12[0]     |                                           | rst_IBUF                       |               19 |             32 |
|  processor/ALU_DR/o_MemWrite_reg_rep__1_30[0]     |                                           | rst_IBUF                       |               24 |             32 |
|  processor/ALU_DR/o_MemWrite_reg_rep__1_18[0]     |                                           | rst_IBUF                       |               19 |             32 |
|  processor/ALU_DR/o_MemWrite_reg_rep__1_38[0]     |                                           | rst_IBUF                       |               18 |             32 |
|  processor/ALU_DR/o_MemWrite_reg_rep__1_49[0]     |                                           | rst_IBUF                       |               17 |             32 |
|  processor/ALU_DR/o_MemWrite_reg_rep__1_6[0]      |                                           | rst_IBUF                       |               18 |             32 |
|  processor/ALU_DR/o_MemWrite_reg_rep__1_7[0]      |                                           | rst_IBUF                       |               21 |             32 |
|  processor/ALU_DR/o_MemWrite_reg_rep__1_48[0]     |                                           | rst_IBUF                       |               17 |             32 |
|  processor/ALU_DR/o_MemWrite_reg_rep__0_7[0]      |                                           | rst_IBUF                       |               20 |             32 |
|  processor/ALU_DR/o_MemWrite_reg_rep__1_25[0]     |                                           | rst_IBUF                       |               19 |             32 |
|  processor/ALU_DR/o_MemWrite_reg_rep__1_46[0]     |                                           | rst_IBUF                       |               15 |             32 |
|  processor/ALU_DR/o_MemWrite_reg_rep__0_59[0]     |                                           | rst_IBUF                       |               21 |             32 |
|  processor/ALU_DR/o_MemWrite_reg_rep__0_57[0]     |                                           | rst_IBUF                       |               18 |             32 |
|  processor/ALU_DR/o_MemWrite_reg_rep__0_8[0]      |                                           | rst_IBUF                       |               21 |             32 |
|  processor/ALU_DR/o_MemWrite_reg_rep__1_11[0]     |                                           | rst_IBUF                       |               21 |             32 |
|  processor/ALU_DR/o_MemWrite_reg_rep__1_10[0]     |                                           | rst_IBUF                       |               21 |             32 |
|  processor/ALU_DR/o_MemWrite_reg_rep__0_9[0]      |                                           | rst_IBUF                       |               19 |             32 |
|  processor/ALU_DR/o_MemWrite_reg_rep__1_0[0]      |                                           | rst_IBUF                       |               22 |             32 |
|  processor/ALU_DR/o_MemWrite_reg_rep__1_17[0]     |                                           | rst_IBUF                       |               20 |             32 |
|  processor/ALU_DR/o_MemWrite_reg_rep__1_22[0]     |                                           | rst_IBUF                       |               17 |             32 |
|  processor/ALU_DR/o_MemWrite_reg_rep__0_54[0]     |                                           | rst_IBUF                       |               17 |             32 |
|  processor/ALU_DR/o_MemWrite_reg_rep__1_20[0]     |                                           | rst_IBUF                       |               17 |             32 |
|  processor/ALU_DR/o_MemWrite_reg_rep__0_56[0]     |                                           | rst_IBUF                       |               19 |             32 |
|  processor/ALU_DR/o_MemWrite_reg_rep__0_55[0]     |                                           | rst_IBUF                       |               17 |             32 |
|  processor/ALU_DR/o_MemWrite_reg_rep__0_62[0]     |                                           | rst_IBUF                       |               17 |             32 |
|  processor/ALU_DR/o_MemWrite_reg_rep__1_15[0]     |                                           | rst_IBUF                       |               18 |             32 |
|  processor/ALU_DR/o_MemWrite_reg_rep__1_16[0]     |                                           | rst_IBUF                       |               16 |             32 |
|  processor/ALU_DR/o_MemWrite_reg_rep__1_2[0]      |                                           | rst_IBUF                       |               20 |             32 |
|  processor/ALU_DR/o_MemWrite_reg_rep__1_23[0]     |                                           | rst_IBUF                       |               19 |             32 |
|  processor/ALU_DR/o_MemWrite_reg_rep__1_26[0]     |                                           | rst_IBUF                       |               21 |             32 |
|  processor/ALU_DR/o_MemWrite_reg_rep__1_19[0]     |                                           | rst_IBUF                       |               17 |             32 |
|  processor/ALU_DR/o_MemWrite_reg_rep__1_27[0]     |                                           | rst_IBUF                       |               23 |             32 |
|  processor/ALU_DR/o_MemWrite_reg_rep__1_28[0]     |                                           | rst_IBUF                       |               20 |             32 |
|  processor/ALU_DR/o_MemWrite_reg_rep__0_61[0]     |                                           | rst_IBUF                       |               18 |             32 |
|  processor/ALU_DR/o_MemWrite_reg_rep__1_3[0]      |                                           | rst_IBUF                       |               21 |             32 |
|  processor/ALU_DR/o_MemWrite_reg_rep__1_31[0]     |                                           | rst_IBUF                       |               19 |             32 |
|  processor/ALU_DR/o_MemWrite_reg_rep__0_60[0]     |                                           | rst_IBUF                       |               20 |             32 |
|  processor/ALU_DR/o_MemWrite_reg_rep__1_14[0]     |                                           | rst_IBUF                       |               18 |             32 |
|  processor/ALU_DR/o_MemWrite_reg_rep__1_33[0]     |                                           | rst_IBUF                       |               19 |             32 |
|  processor/ALU_DR/o_MemWrite_reg_rep__1_34[0]     |                                           | rst_IBUF                       |               18 |             32 |
|  processor/ALU_DR/o_MemWrite_reg_rep__1_36[0]     |                                           | rst_IBUF                       |               19 |             32 |
|  processor/ALU_DR/o_MemWrite_reg_rep__1_37[0]     |                                           | rst_IBUF                       |               18 |             32 |
|  processor/ALU_DR/o_MemWrite_reg_rep__1_39[0]     |                                           | rst_IBUF                       |               21 |             32 |
|  processor/ALU_DR/o_MemWrite_reg_rep__1_9[0]      |                                           | rst_IBUF                       |               20 |             32 |
|  processor/ALU_DR/o_MemWrite_reg_rep__1_8[0]      |                                           | rst_IBUF                       |               18 |             32 |
|  processor/ALU_DR/o_MemWrite_reg_20[0]            |                                           | rst_IBUF                       |               18 |             32 |
|  processor/ALU_DR/o_MemWrite_reg_21[0]            |                                           | rst_IBUF                       |               17 |             32 |
|  processor/ALU_DR/o_MemWrite_reg_22[0]            |                                           | rst_IBUF                       |               16 |             32 |
|  processor/ALU_DR/o_MemWrite_reg_23[0]            |                                           | rst_IBUF                       |               18 |             32 |
|  processor/ALU_DR/o_MemWrite_reg[0]               |                                           | rst_IBUF                       |               21 |             32 |
|  processor/ALU_DR/o_MemWrite_reg_12[0]            |                                           | rst_IBUF                       |               18 |             32 |
|  processor/ALU_DR/o_MemWrite_reg_11[0]            |                                           | rst_IBUF                       |               19 |             32 |
|  processor/ALU_DR/o_MemWrite_reg_14[0]            |                                           | rst_IBUF                       |               20 |             32 |
|  processor/ALU_DR/o_MemWrite_reg_10[0]            |                                           | rst_IBUF                       |               19 |             32 |
|  processor/ALU_DR/o_MemWrite_reg_16[0]            |                                           | rst_IBUF                       |               18 |             32 |
|  processor/ALU_DR/o_MemWrite_reg_17[0]            |                                           | rst_IBUF                       |               21 |             32 |
|  processor/ALU_DR/o_MemWrite_reg_19[0]            |                                           | rst_IBUF                       |               17 |             32 |
|  processor/ALU_DR/E[0]                            |                                           | rst_IBUF                       |               20 |             32 |
|  processor/ALU_DR/o_MemWrite_reg_0[0]             |                                           | rst_IBUF                       |               16 |             32 |
|  processor/ALU_DR/o_MemWrite_reg_1[0]             |                                           | rst_IBUF                       |               18 |             32 |
|  processor/ALU_DR/o_MemWrite_reg_13[0]            |                                           | rst_IBUF                       |               21 |             32 |
|  processor/ALU_DR/o_MemWrite_reg_15[0]            |                                           | rst_IBUF                       |               20 |             32 |
|  processor/ALU_DR/o_MemWrite_reg_18[0]            |                                           | rst_IBUF                       |               17 |             32 |
|  processor/ALU_DR/o_MemWrite_reg_2[0]             |                                           | rst_IBUF                       |               19 |             32 |
|  processor/ALU_DR/o_MemWrite_reg_24[0]            |                                           | rst_IBUF                       |               17 |             32 |
|  processor/ALU_DR/o_MemWrite_reg_35[0]            |                                           | rst_IBUF                       |               18 |             32 |
|  processor/ALU_DR/o_MemWrite_reg_4[0]             |                                           | rst_IBUF                       |               20 |             32 |
|  processor/ALU_DR/o_MemWrite_reg_42[0]            |                                           | rst_IBUF                       |               16 |             32 |
|  processor/ALU_DR/o_MemWrite_reg_31[0]            |                                           | rst_IBUF                       |               18 |             32 |
|  processor/ALU_DR/o_MemWrite_reg_37[0]            |                                           | rst_IBUF                       |               16 |             32 |
|  processor/ALU_DR/o_MemWrite_reg_39[0]            |                                           | rst_IBUF                       |               18 |             32 |
|  processor/ALU_DR/o_MemWrite_reg_36[0]            |                                           | rst_IBUF                       |               20 |             32 |
|  processor/ALU_DR/o_MemWrite_reg_25[0]            |                                           | rst_IBUF                       |               18 |             32 |
|  processor/ALU_DR/o_MemWrite_reg_27[0]            |                                           | rst_IBUF                       |               18 |             32 |
|  processor/ALU_DR/o_MemWrite_reg_33[0]            |                                           | rst_IBUF                       |               18 |             32 |
|  processor/ALU_DR/o_MemWrite_reg_44[0]            |                                           | rst_IBUF                       |               19 |             32 |
|  processor/ALU_DR/o_MemWrite_reg_46[0]            |                                           | rst_IBUF                       |               18 |             32 |
|  processor/ALU_DR/o_MemWrite_reg_3[0]             |                                           | rst_IBUF                       |               20 |             32 |
|  processor/ALU_DR/o_MemWrite_reg_34[0]            |                                           | rst_IBUF                       |               20 |             32 |
|  processor/ALU_DR/o_MemWrite_reg_38[0]            |                                           | rst_IBUF                       |               17 |             32 |
|  processor/ALU_DR/o_MemWrite_reg_26[0]            |                                           | rst_IBUF                       |               18 |             32 |
|  processor/ALU_DR/o_MemWrite_reg_28[0]            |                                           | rst_IBUF                       |               18 |             32 |
|  processor/ALU_DR/o_MemWrite_reg_40[0]            |                                           | rst_IBUF                       |               16 |             32 |
|  processor/ALU_DR/o_MemWrite_reg_30[0]            |                                           | rst_IBUF                       |               17 |             32 |
|  processor/ALU_DR/o_MemWrite_reg_29[0]            |                                           | rst_IBUF                       |               21 |             32 |
|  processor/ALU_DR/o_MemWrite_reg_32[0]            |                                           | rst_IBUF                       |               18 |             32 |
|  processor/ALU_DR/o_MemWrite_reg_41[0]            |                                           | rst_IBUF                       |               19 |             32 |
|  processor/ALU_DR/o_MemWrite_reg_43[0]            |                                           | rst_IBUF                       |               18 |             32 |
|  processor/ALU_DR/o_MemWrite_reg_45[0]            |                                           | rst_IBUF                       |               19 |             32 |
|  processor/ALU_DR/o_MemWrite_reg_47[0]            |                                           | rst_IBUF                       |               15 |             32 |
|  processor/controlunit/E[0]                       |                                           |                                |               12 |             32 |
|  processor/ALU_DR/o_MemWrite_reg_48[0]            |                                           | rst_IBUF                       |               18 |             32 |
|  processor/ALU_DR/o_MemWrite_reg_49[0]            |                                           | rst_IBUF                       |               17 |             32 |
|  processor/ALU_DR/o_MemWrite_reg_5[0]             |                                           | rst_IBUF                       |               20 |             32 |
|  processor/ALU_DR/o_MemWrite_reg_50[0]            |                                           | rst_IBUF                       |               17 |             32 |
|  processor/ALU_DR/o_MemWrite_reg_51[0]            |                                           | rst_IBUF                       |               17 |             32 |
|  processor/ALU_DR/o_MemWrite_reg_52[0]            |                                           | rst_IBUF                       |               15 |             32 |
|  processor/ALU_DR/o_MemWrite_reg_53[0]            |                                           | rst_IBUF                       |               16 |             32 |
|  processor/ALU_DR/o_MemWrite_reg_rep_18[0]        |                                           | rst_IBUF                       |               19 |             32 |
|  clk_1_BUFG                                       | processor/iMem/E[0]                       | rst_IBUF                       |               16 |             32 |
|  clk_1_BUFG                                       | processor/iMem/o_RegWrite_reg_1[0]        | rst_IBUF                       |               17 |             32 |
|  clk_1_BUFG                                       | processor/iMem/o_RegWrite_reg_8[0]        | rst_IBUF                       |               18 |             32 |
|  clk_1_BUFG                                       | processor/iMem/o_RegWrite_reg_14[0]       | rst_IBUF                       |               13 |             32 |
|  clk_1_BUFG                                       | processor/iMem/o_RegWrite_reg_21[0]       | rst_IBUF                       |               13 |             32 |
|  clk_1_BUFG                                       | processor/iMem/o_RegWrite_reg_24[0]       | rst_IBUF                       |               11 |             32 |
|  clk_1_BUFG                                       | processor/iMem/o_RegWrite_reg_2[0]        | rst_IBUF                       |               14 |             32 |
|  clk_1_BUFG                                       | processor/iMem/o_RegWrite_reg_22[0]       | rst_IBUF                       |               13 |             32 |
|  clk_1_BUFG                                       | processor/iMem/o_RegWrite_reg_15[0]       | rst_IBUF                       |               12 |             32 |
|  clk_1_BUFG                                       | processor/iMem/o_RegWrite_reg_13[0]       | rst_IBUF                       |               14 |             32 |
|  clk_1_BUFG                                       | processor/iMem/o_RegWrite_reg_3[0]        | rst_IBUF                       |               15 |             32 |
|  clk_1_BUFG                                       | processor/iMem/o_RegWrite_reg_0[0]        | rst_IBUF                       |               13 |             32 |
|  clk_1_BUFG                                       | processor/iMem/o_RegWrite_reg_25[0]       | rst_IBUF                       |               13 |             32 |
|  clk_1_BUFG                                       | processor/iMem/o_RegWrite_reg_20[0]       | rst_IBUF                       |               15 |             32 |
|  clk_1_BUFG                                       | processor/iMem/o_RegWrite_reg_11[0]       | rst_IBUF                       |               16 |             32 |
|  clk_1_BUFG                                       | processor/iMem/o_RegWrite_reg_12[0]       | rst_IBUF                       |               14 |             32 |
|  clk_1_BUFG                                       | processor/iMem/o_RegWrite_reg_27[0]       | rst_IBUF                       |               13 |             32 |
|  clk_1_BUFG                                       | processor/iMem/o_RegWrite_reg_16[0]       | rst_IBUF                       |               14 |             32 |
|  clk_1_BUFG                                       | processor/iMem/o_RegWrite_reg_4[0]        | rst_IBUF                       |               13 |             32 |
|  clk_1_BUFG                                       | processor/iMem/o_RegWrite_reg_17[0]       | rst_IBUF                       |               15 |             32 |
|  clk_1_BUFG                                       | processor/iMem/o_RegWrite_reg_23[0]       | rst_IBUF                       |               14 |             32 |
|  clk_1_BUFG                                       | processor/iMem/o_RegWrite_reg_26[0]       | rst_IBUF                       |               14 |             32 |
|  clk_1_BUFG                                       | processor/iMem/o_RegWrite_reg_5[0]        | rst_IBUF                       |               17 |             32 |
|  clk_1_BUFG                                       | processor/iMem/o_RegWrite_reg_19[0]       | rst_IBUF                       |               17 |             32 |
|  clk_1_BUFG                                       | processor/iMem/o_RegWrite_reg_6[0]        | rst_IBUF                       |               15 |             32 |
|  clk_1_BUFG                                       | processor/iMem/o_RegWrite_reg_9[0]        | rst_IBUF                       |               17 |             32 |
|  clk_1_BUFG                                       | processor/iMem/o_RegWrite_reg[0]          | rst_IBUF                       |               16 |             32 |
|  clk_1_BUFG                                       | processor/iMem/o_RegWrite_reg_10[0]       | rst_IBUF                       |               15 |             32 |
|  clk_1_BUFG                                       | processor/iMem/o_RegWrite_reg_18[0]       | rst_IBUF                       |               13 |             32 |
|  clk_1_BUFG                                       | processor/iMem/o_RegWrite_reg_28[0]       | rst_IBUF                       |               13 |             32 |
|  clk_1_BUFG                                       | processor/iMem/o_RegWrite_reg_7[0]        | rst_IBUF                       |               16 |             32 |
|  processor/ALU_DR/o_MemWrite_reg_rep_22[0]        |                                           | rst_IBUF                       |               20 |             32 |
|  processor/ALU_DR/o_MemWrite_reg_rep_23[0]        |                                           | rst_IBUF                       |               20 |             32 |
|  n_7_9_BUFG                                       |                                           | rst_IBUF                       |               20 |             32 |
|  n_4_6_BUFG                                       |                                           | rst_IBUF                       |               18 |             32 |
|  n_6_8_BUFG                                       |                                           | rst_IBUF                       |               18 |             32 |
|  n_0_2_BUFG                                       |                                           | rst_IBUF                       |               22 |             32 |
|  n_2_4_BUFG                                       |                                           | rst_IBUF                       |               21 |             32 |
|  n_3_5_BUFG                                       |                                           | rst_IBUF                       |               23 |             32 |
|  n_8_10_BUFG                                      |                                           | rst_IBUF                       |               20 |             32 |
|  n_9_11_BUFG                                      |                                           | rst_IBUF                       |               20 |             32 |
|  n_5_7_BUFG                                       |                                           | rst_IBUF                       |               17 |             32 |
|  n_1_3_BUFG                                       |                                           | rst_IBUF                       |               20 |             32 |
|  processor/controlunit/CLK                        |                                           | rst_IBUF                       |               15 |             39 |
|  clk_1_BUFG                                       | mem_addr                                  | rst_IBUF                       |               17 |             65 |
|  clk_1_BUFG                                       |                                           |                                |               98 |            297 |
+---------------------------------------------------+-------------------------------------------+--------------------------------+------------------+----------------+


