#-----------------------------------------------------------
# Vivado v2016.2 (64-bit)
# SW Build 1577090 on Thu Jun  2 16:32:40 MDT 2016
# IP Build 1577682 on Fri Jun  3 12:00:54 MDT 2016
# Start of session at: Mon May 06 11:52:18 2019
# Process ID: 3548
# Current directory: F:/2019spring/codex/lab5
# Command line: vivado.exe -gui_launcher_event rodinguilauncherevent1684 F:\2019spring\codex\lab5\lab5.xpr
# Log file: F:/2019spring/codex/lab5/vivado.log
# Journal file: F:/2019spring/codex/lab5\vivado.jou
#-----------------------------------------------------------
start_gui
open_project F:/2019spring/codex/lab5/lab5.xpr
update_compile_order -fileset sources_1
launch_simulation
source tb.tcl
restart
run 2 ns
run 2 ns
run 2 ns
run 2 ns
run 2 ns
run 2 ns
run 2 ns
run 2 ns
run 2 ns
run 2 ns
run 2 ns
run 2 ns
run 2 ns
run 2 ns
run 2 ns
run 2 ns
run 2 ns
run 2 ns
run 2 ns
run 2 ns
run 2 ns
run 2 ns
run 2 ns
run 2 ns
run 2 ns
run 2 ns
run 2 ns
run 2 ns
relaunch_sim
restart
run 2 ns
run 2 ns
run 2 ns
run 2 ns
run 2 ns
run 2 ns
run 2 ns
run 2 ns
run 2 ns
run 2 ns
run 2 ns
run 2 ns
run 2 ns
run 2 ns
run 2 ns
run 2 ns
run 2 ns
run 2 ns
run 2 ns
run 2 ns
run 2 ns
run 2 ns
run 2 ns
run 2 ns
run 2 ns
run 2 ns
restart
run 40 ns
run 1 ns
run 1 ns
run 1 ns
run 1 ns
run 1 ns
run 1 ns
run 1 ns
run 1 ns
run 1 ns
run 1 ns
run 1 ns
run 1 ns
restart
run 1 ns
run 1 ns
run 1 ns
run 1 ns
restart
run 2 ns
run 2 ns
run 2 ns
run 2 ns
run 2 ns
run 2 ns
run 2 ns
run 2 ns
run 2 ns
run 2 ns
run 2 ns
run 2 ns
run 2 ns
run 2 ns
run 2 ns
run 2 ns
run 2 ns
run 2 ns
run 2 ns
run 2 ns
run 2 ns
run 2 ns
run 2 ns
run 2 ns
run 2 ns
run 2 ns
run 2 ns
run 2 ns
relaunch_sim
restart
run 2 ns
run 2 ns
run 2 ns
run 2 ns
run 2 ns
run 2 ns
run 2 ns
run 2 ns
run 2 ns
run 2 ns
run 2 ns
run 2 ns
run 2 ns
run 2 ns
run 2 ns
run 2 ns
run 2 ns
run 2 ns
run 2 ns
run 2 ns
run 2 ns
run 2 ns
run 2 ns
run 2 ns
run 2 ns
run 2 ns
run 2 ns
run 2 ns
restart
run 2 ns
run 2 ns
run 2 ns
run 2 ns
run 2 ns
run 2 ns
run 2 ns
run 2 ns
run 2 ns
run 2 ns
run 2 ns
run 2 ns
run 2 ns
run 2 ns
run 2 ns
run 2 ns
run 2 ns
run 2 ns
run 2 ns
restart
relaunch_sim
restart
run 2 ns
run 2 ns
run 2 ns
run 2 ns
run 2 ns
run 2 ns
run 2 ns
run 2 ns
run 2 ns
run 2 ns
run 2 ns
run 2 ns
run 2 ns
run 2 ns
run 2 ns
run 2 ns
run 2 ns
run 2 ns
run 2 ns
run 2 ns
run 2 ns
run 2 ns
run 2 ns
run 2 ns
run 2 ns
run 2 ns
run 2 ns
run 2 ns
relaunch_sim
restart
run 2 ns
run 2 ns
run 2 ns
run 2 ns
run 2 ns
run 2 ns
run 2 ns
run 2 ns
run 2 ns
run 2 ns
run 2 ns
run 2 ns
run 2 ns
run 2 ns
run 2 ns
run 2 ns
run 2 ns
run 2 ns
run 2 ns
run 2 ns
run 2 ns
run 2 ns
run 2 ns
run 2 ns
run 2 ns
run 2 ns
run 2 ns
run 2 ns
run 2 ns
run 2 ns
run 2 ns
run 2 ns
run 2 ns
run 2 ns
run 2 ns
run 2 ns
run 2 ns
run 2 ns
run 2 ns
run 2 ns
run 2 ns
run 2 ns
run 2 ns
run 2 ns
run 2 ns
run 2 ns
run 2 ns
run 2 ns
run 2 ns
run 2 ns
run 2 ns
run 2 ns
run 2 ns
run 2 ns
run 2 ns
relaunch_sim
restart
run 2 ns
run 2 ns
run 2 ns
run 2 ns
run 2 ns
run 2 ns
run 2 ns
run 2 ns
run 2 ns
run 2 ns
run 2 ns
run 2 ns
run 2 ns
run 2 ns
run 2 ns
run 2 ns
run 2 ns
run 2 ns
run 2 ns
run 2 ns
run 2 ns
run 2 ns
run 2 ns
run 2 ns
run 2 ns
run 2 ns
run 2 ns
run 2 ns
run 2 ns
run 2 ns
run 2 ns
run 2 ns
run 2 ns
run 2 ns
run 2 ns
run 2 ns
run 2 ns
run 2 ns
run 2 ns
run 2 ns
run 2 ns
run 2 ns
run 2 ns
run 2 ns
run 2 ns
run 2 ns
restart
run 2 ns
run 2 ns
run 2 ns
run 2 ns
run 2 ns
run 2 ns
run 2 ns
run 2 ns
run 2 ns
run 2 ns
run 2 ns
run 2 ns
run 2 ns
run 2 ns
run 2 ns
run 2 ns
run 2 ns
run 2 ns
run 2 ns
run 2 ns
run 2 ns
run 2 ns
run 2 ns
run 2 ns
relaunch_sim
relaunch_sim
run 2 ns
run 2 ns
run 2 ns
run 2 ns
run 2 ns
run 2 ns
run 2 ns
run 2 ns
run 2 ns
run 2 ns
run 2 ns
run 2 ns
run 2 ns
run 2 ns
run 2 ns
run 2 ns
run 2 ns
restart
run 2 ns
run 2 ns
run 2 ns
run 2 ns
run 2 ns
run 2 ns
run 2 ns
run 2 ns
run 2 ns
run 2 ns
run 2 ns
run 2 ns
run 2 ns
run 2 ns
run 2 ns
run 2 ns
run 2 ns
run 2 ns
run 2 ns
run 2 ns
run 2 ns
run 2 ns
run 2 ns
run 2 ns
run 2 ns
run 2 ns
run 2 ns
run 2 ns
relaunch_sim
run 2 ns
run 2 ns
run 2 ns
run 2 ns
run 2 ns
run 2 ns
run 2 ns
run 2 ns
run 2 ns
restart
run 2 ns
run 2 ns
run 2 ns
run 2 ns
run 2 ns
run 2 ns
run 2 ns
run 2 ns
run 2 ns
run 2 ns
run 2 ns
run 2 ns
run 2 ns
run 2 ns
run 2 ns
run 2 ns
run 2 ns
run 2 ns
run 2 ns
run 2 ns
run 2 ns
run 2 ns
run 2 ns
run 2 ns
run 2 ns
run 2 ns
run 2 ns
run 2 ns
run 2 ns
run 2 ns
run 2 ns
run 2 ns
run 2 ns
run 2 ns
run 2 ns
run 2 ns
run 2 ns
restart
run 2 ns
run 2 ns
run 2 ns
run 2 ns
run 2 ns
run 2 ns
run 2 ns
run 2 ns
run 2 ns
run 2 ns
run 2 ns
run 2 ns
run 2 ns
run 2 ns
run 2 ns
run 2 ns
run 2 ns
run 2 ns
run 2 ns
run 2 ns
run 2 ns
run 2 ns
run 2 ns
run 2 ns
run 2 ns
run 2 ns
run 2 ns
run 2 ns
run 2 ns
run 2 ns
run 2 ns
run 2 ns
run 2 ns
run 2 ns
run 2 ns
run 2 ns
relaunch_sim
restart
run 2 ns
run 2 ns
run 2 ns
run 2 ns
run 2 ns
run 2 ns
run 2 ns
run 2 ns
run 2 ns
run 2 ns
run 2 ns
run 2 ns
run 2 ns
run 2 ns
run 2 ns
run 2 ns
run 2 ns
run 2 ns
run 2 ns
run 2 ns
run 2 ns
run 2 ns
run 2 ns
run 2 ns
run 2 ns
run 2 ns
run 2 ns
run 2 ns
relaunch_sim
restart
run 2 ns
run 2 ns
run 2 ns
run 2 ns
run 2 ns
run 2 ns
run 2 ns
run 2 ns
run 2 ns
run 2 ns
run 2 ns
run 2 ns
run 2 ns
run 2 ns
run 2 ns
run 2 ns
run 2 ns
run 2 ns
run 2 ns
run 2 ns
run 2 ns
run 2 ns
run 2 ns
run 2 ns
run 2 ns
run 2 ns
run 2 ns
run 2 ns
relaunch_sim
close_sim
